// Jest Snapshot v1, https://goo.gl/fbAQLP

exports[`AboutView Vista AboutView 1`] = `
<div>
  <h1>About</h1>
  <p>This is about</p>
</div>
`;
